240 decoder-strength jobs, 3 retained replicates each
{
  "greedy_vs_dp12": {
    "mean_makespan_penalty_pct": 4.854982597684303,
    "ci95": [
      4.2701495860247265,
      5.459080006878286
    ]
  },
  "dp4_vs_dp12": {
    "mean_makespan_penalty_pct": 0.5954670265548145,
    "ci95": [
      0.39955110094103513,
      0.7917509787791581
    ]
  },
  "dp6_vs_dp12": {
    "mean_makespan_penalty_pct": 0.09108474267271309,
    "ci95": [
      -0.016350892628323305,
      0.19989012562648376
    ]
  },
  "dp12_vs_dp12": {
    "mean_makespan_penalty_pct": 0.0,
    "ci95": [
      0.0,
      0.0
    ]
  },
  "operator_effect_at_greedy": {
    "generic_minus_sortie_pct": 0.7150106822946632,
    "ci95": [
      0.27010802366594083,
      1.1535957615524037
    ],
    "wilcoxon_p_two_sided": 0.0027663204818964005
  },
  "operator_effect_at_dp4": {
    "generic_minus_sortie_pct": 0.1976613585418785,
    "ci95": [
      -0.04213371730143005,
      0.46140453775372936
    ],
    "wilcoxon_p_two_sided": 0.09809198334063142
  },
  "operator_effect_at_dp6": {
    "generic_minus_sortie_pct": 0.2878640058536925,
    "ci95": [
      0.08360085283914141,
      0.4887723107551298
    ],
    "wilcoxon_p_two_sided": 0.006639536470174789
  },
  "operator_effect_at_dp12": {
    "generic_minus_sortie_pct": 0.5778076342107968,
    "ci95": [
      0.41420556688262794,
      0.740936917132047
    ],
    "wilcoxon_p_two_sided": 3.855675458908081e-07
  }
}
done in 9610.3s -> <author-home>/research/truck-drone-routing/src/../experiments/P0-robustness/results/decoder_strength_v3.json
{
  "greedy_vs_dp12": {
    "mean_makespan_penalty_pct": 4.854982597684303,
    "ci95": [
      4.2701495860247265,
      5.459080006878286
    ]
  },
  "dp4_vs_dp12": {
    "mean_makespan_penalty_pct": 0.5954670265548145,
    "ci95": [
      0.39955110094103513,
      0.7917509787791581
    ]
  },
  "dp6_vs_dp12": {
    "mean_makespan_penalty_pct": 0.09108474267271309,
    "ci95": [
      -0.016350892628323305,
      0.19989012562648376
    ]
  },
  "dp12_vs_dp12": {
    "mean_makespan_penalty_pct": 0.0,
    "ci95": [
      0.0,
      0.0
    ]
  },
  "operator_effect_at_greedy": {
    "generic_minus_sortie_pct": 0.7150106822946632,
    "ci95": [
      0.27010802366594083,
      1.1535957615524037
    ],
    "wilcoxon_p_two_sided": 0.0027663204818964005
  },
  "operator_effect_at_dp4": {
    "generic_minus_sortie_pct": 0.1976613585418785,
    "ci95": [
      -0.04213371730143005,
      0.46140453775372936
    ],
    "wilcoxon_p_two_sided": 0.09809198334063142
  },
  "operator_effect_at_dp6": {
    "generic_minus_sortie_pct": 0.2878640058536925,
    "ci95": [
      0.08360085283914141,
      0.4887723107551298
    ],
    "wilcoxon_p_two_sided": 0.006639536470174789
  },
  "operator_effect_at_dp12": {
    "generic_minus_sortie_pct": 0.5778076342107968,
    "ci95": [
      0.41420556688262794,
      0.740936917132047
    ],
    "wilcoxon_p_two_sided": 3.855675458908081e-07
  }
}
done in 3750.5s -> <author-home>/research/truck-drone-routing/src/../experiments/P0-robustness/results/decoder_strength_v3.json
