P0 done in 807s -> /home/zyf/research/truck-drone-routing/src/../experiments/P0-robustness/results/p0.json
CROSS-SETTING (alpha=2,E=1.0): {
  "uniform_euclidean_n50": {
    "mean_saving": 33.9974725995925,
    "std": 2.9406750460727134,
    "count": 12
  },
  "uniform_euclidean_n100": {
    "mean_saving": 32.627999235238036,
    "std": 2.7981424060511055,
    "count": 12
  },
  "clustered_euclidean_n50": {
    "mean_saving": 24.705988591415007,
    "std": 3.795640359362369,
    "count": 12
  },
  "clustered_euclidean_n100": {
    "mean_saving": 30.93439677126479,
    "std": 2.5450694013393744,
    "count": 12
  },
  "uniform_manhattan_n50": {
    "mean_saving": 36.576753639317886,
    "std": 4.296986900372674,
    "count": 12
  },
  "uniform_manhattan_n100": {
    "mean_saving": 35.924022860029126,
    "std": 3.709091060688088,
    "count": 12
  },
  "clustered_manhattan_n50": {
    "mean_saving": 28.332119998480337,
    "std": 4.546652354961755,
    "count": 12
  },
  "clustered_manhattan_n100": {
    "mean_saving": 32.72807158715171,
    "std": 2.461678811248859,
    "count": 12
  }
}
ABLATION n=100: {
  "saving_sortie_mean": 34.72788267967609,
  "sortie_mean": 5.257332580228543,
  "generic_mean": 5.351627343926518,
  "paired_sortie_minus_generic": -0.09429476369797474,
  "sortie_wins": 10,
  "generic_wins": 0,
  "ties": 0,
  "count": 10
}
ENERGY payload knees: {
  "payload_0.5": {
    "makespan_increase_pct": 8.638461887845184,
    "energy_reduction_pct": 47.535876952798596
  },
  "payload_1.0": {
    "makespan_increase_pct": 12.89733435770719,
    "energy_reduction_pct": 57.729991756651145
  },
  "payload_2.0": {
    "makespan_increase_pct": 6.986884594665588,
    "energy_reduction_pct": 46.15309932936
  }
}
clustered+manhattan n=50 surface: {
  "alpha_1.0": {
    "0.5": {
      "mean_saving": 20.87696601677952,
      "std": 3.4563489786060346
    },
    "1.0": {
      "mean_saving": 22.8254190769305,
      "std": 2.9357364643196733
    },
    "2.0": {
      "mean_saving": 22.73607812853599,
      "std": 2.8971197215849696
    },
    "inf": {
      "mean_saving": 22.73607812853599,
      "std": 2.8971197215849696
    }
  },
  "alpha_1.5": {
    "0.5": {
      "mean_saving": 25.081171604848848,
      "std": 4.0332089147756145
    },
    "1.0": {
      "mean_saving": 26.806181389067785,
      "std": 3.3641737332447925
    },
    "2.0": {
      "mean_saving": 27.425231169616,
      "std": 3.4399767729364865
    },
    "inf": {
      "mean_saving": 27.425231169616,
      "std": 3.4399767729364865
    }
  },
  "alpha_2.0": {
    "0.5": {
      "mean_saving": 26.97368836687599,
      "std": 4.735586823729181
    },
    "1.0": {
      "mean_saving": 28.332119998480337,
      "std": 4.546652354961755
    },
    "2.0": {
      "mean_saving": 28.430831301929143,
      "std": 4.662415630738236
    },
    "inf": {
      "mean_saving": 28.485796793585035,
      "std": 4.59937265977502
    }
  },
  "alpha_2.5": {
    "0.5": {
      "mean_saving": 27.062794939924377,
      "std": 4.770167583990716
    },
    "1.0": {
      "mean_saving": 30.034208310278217,
      "std": 4.72847245851939
    },
    "2.0": {
      "mean_saving": 29.999821841579706,
      "std": 4.788240987023265
    },
    "inf": {
      "mean_saving": 28.944414884421793,
      "std": 4.775780192669039
    }
  },
  "alpha_3.0": {
    "0.5": {
      "mean_saving": 27.760321826019048,
      "std": 4.715485228298372
    },
    "1.0": {
      "mean_saving": 29.47963825716397,
      "std": 4.868950699931987
    },
    "2.0": {
      "mean_saving": 29.964986868149023,
      "std": 5.0522601329417025
    },
    "inf": {
      "mean_saving": 29.517546688578403,
      "std": 5.1792833562239
    }
  }
}
uniform n=100 surface: {
  "alpha_1.0": {
    "0.5": {
      "mean_saving": 20.663147230519368,
      "std": 0.9177956876970924
    },
    "1.0": {
      "mean_saving": 21.81882647113412,
      "std": 2.0114712563816086
    },
    "2.0": {
      "mean_saving": 21.81214192469183,
      "std": 1.9975406066531691
    },
    "inf": {
      "mean_saving": 21.81214192469183,
      "std": 1.9975406066531691
    }
  },
  "alpha_1.5": {
    "0.5": {
      "mean_saving": 28.927544348951773,
      "std": 0.9010596859405754
    },
    "1.0": {
      "mean_saving": 29.781686315220984,
      "std": 2.3618855907366556
    },
    "2.0": {
      "mean_saving": 29.873468650786137,
      "std": 2.2586706075704694
    },
    "inf": {
      "mean_saving": 29.873468650786137,
      "std": 2.2586706075704694
    }
  },
  "alpha_2.0": {
    "0.5": {
      "mean_saving": 32.60565545098737,
      "std": 2.546505411425192
    },
    "1.0": {
      "mean_saving": 32.03143068234011,
      "std": 2.4571255762973854
    },
    "2.0": {
      "mean_saving": 32.556973788564825,
      "std": 2.9015974327432854
    },
    "inf": {
      "mean_saving": 32.556973788564825,
      "std": 2.9015974327432854
    }
  },
  "alpha_2.5": {
    "0.5": {
      "mean_saving": 33.39790749186755,
      "std": 1.6192417509253871
    },
    "1.0": {
      "mean_saving": 34.19734815017937,
      "std": 3.5569746829494195
    },
    "2.0": {
      "mean_saving": 34.11383456860566,
      "std": 3.183590467757704
    },
    "inf": {
      "mean_saving": 34.00911372152148,
      "std": 3.2383064856076347
    }
  },
  "alpha_3.0": {
    "0.5": {
      "mean_saving": 33.829886647261766,
      "std": 2.118668348572745
    },
    "1.0": {
      "mean_saving": 36.042545251861036,
      "std": 3.095379422396751
    },
    "2.0": {
      "mean_saving": 35.29143152896979,
      "std": 2.7033681732213104
    },
    "inf": {
      "mean_saving": 35.49535040576806,
      "std": 3.260595854298679
    }
  }
}
