P0 done in 987s -> /home/zyf/research/truck-drone-routing/src/../experiments/P0-robustness/results/p0.json
CROSS-SETTING (alpha=2,E=1.0): {
  "uniform_euclidean_n50": {
    "mean_saving": 36.2960675677756,
    "std": 2.5770435439489408,
    "count": 12
  },
  "uniform_euclidean_n100": {
    "mean_saving": 35.60902481005869,
    "std": 2.8143911104497574,
    "count": 12
  },
  "clustered_euclidean_n50": {
    "mean_saving": 26.662492592062055,
    "std": 3.7436631532502793,
    "count": 12
  },
  "clustered_euclidean_n100": {
    "mean_saving": 32.93091621941504,
    "std": 2.2867072509426816,
    "count": 12
  },
  "uniform_manhattan_n50": {
    "mean_saving": 39.2690549539467,
    "std": 3.769073706507998,
    "count": 12
  },
  "uniform_manhattan_n100": {
    "mean_saving": 38.35545600508743,
    "std": 2.6891927940864666,
    "count": 12
  },
  "clustered_manhattan_n50": {
    "mean_saving": 30.7534238682948,
    "std": 3.962529678687345,
    "count": 12
  },
  "clustered_manhattan_n100": {
    "mean_saving": 34.45290078011679,
    "std": 2.565018458632326,
    "count": 12
  }
}
ABLATION n=100: {
  "saving_sortie_mean": 36.062987175762984,
  "sortie_mean": 5.1492882125550645,
  "generic_mean": 5.180792342911527,
  "paired_sortie_minus_generic": -0.031504130356463114,
  "sortie_wins": 7,
  "generic_wins": 3,
  "ties": 0,
  "count": 10
}
ENERGY payload knees: {
  "payload_0.5": {
    "makespan_increase_pct": 9.1637556205036,
    "energy_reduction_pct": 50.559586979577475
  },
  "payload_1.0": {
    "makespan_increase_pct": 12.317930428203372,
    "energy_reduction_pct": 58.99397869861668
  },
  "payload_2.0": {
    "makespan_increase_pct": 6.774272163235917,
    "energy_reduction_pct": 48.89032273883469
  }
}
clustered+manhattan n=50 surface: {
  "alpha_1.0": {
    "0.5": {
      "mean_saving": 21.780344464510907,
      "std": 3.4117513553192156
    },
    "1.0": {
      "mean_saving": 23.36434348513839,
      "std": 2.973503252413919
    },
    "2.0": {
      "mean_saving": 23.446895137387386,
      "std": 2.8167435511926566
    },
    "inf": {
      "mean_saving": 23.446895137387386,
      "std": 2.8167435511926566
    }
  },
  "alpha_1.5": {
    "0.5": {
      "mean_saving": 26.969667261675593,
      "std": 3.5237067061675713
    },
    "1.0": {
      "mean_saving": 29.11611773050146,
      "std": 3.661665106389786
    },
    "2.0": {
      "mean_saving": 29.009052158948965,
      "std": 3.6987514121301994
    },
    "inf": {
      "mean_saving": 29.086574764115692,
      "std": 3.597148933647458
    }
  },
  "alpha_2.0": {
    "0.5": {
      "mean_saving": 28.91575850172991,
      "std": 4.186912988204861
    },
    "1.0": {
      "mean_saving": 30.7534238682948,
      "std": 3.962529678687345
    },
    "2.0": {
      "mean_saving": 30.879794826376738,
      "std": 4.316956400008825
    },
    "inf": {
      "mean_saving": 30.801972980426243,
      "std": 4.330573916269997
    }
  },
  "alpha_2.5": {
    "0.5": {
      "mean_saving": 29.91591438104335,
      "std": 4.638607696761473
    },
    "1.0": {
      "mean_saving": 31.818391847034864,
      "std": 4.750112036972404
    },
    "2.0": {
      "mean_saving": 32.38792382552469,
      "std": 4.771211941458568
    },
    "inf": {
      "mean_saving": 32.19400232321545,
      "std": 4.8347004290025275
    }
  },
  "alpha_3.0": {
    "0.5": {
      "mean_saving": 30.594331588667057,
      "std": 4.755092463634943
    },
    "1.0": {
      "mean_saving": 32.296834749684436,
      "std": 4.748860988809968
    },
    "2.0": {
      "mean_saving": 33.163034691380396,
      "std": 4.763430716471646
    },
    "inf": {
      "mean_saving": 33.13926531867697,
      "std": 4.846156694143323
    }
  }
}
uniform n=100 surface: {
  "alpha_1.0": {
    "0.5": {
      "mean_saving": 22.193469137813466,
      "std": 1.0227454353983616
    },
    "1.0": {
      "mean_saving": 22.787597131697186,
      "std": 2.2583867200661967
    },
    "2.0": {
      "mean_saving": 22.593403173059205,
      "std": 2.3273724099897253
    },
    "inf": {
      "mean_saving": 22.593403173059205,
      "std": 2.3273724099897253
    }
  },
  "alpha_1.5": {
    "0.5": {
      "mean_saving": 29.837429382965826,
      "std": 2.0316651035833324
    },
    "1.0": {
      "mean_saving": 30.670302715257804,
      "std": 2.3576273429660466
    },
    "2.0": {
      "mean_saving": 31.25547203775497,
      "std": 2.152301898661848
    },
    "inf": {
      "mean_saving": 31.25547203775497,
      "std": 2.152301898661848
    }
  },
  "alpha_2.0": {
    "0.5": {
      "mean_saving": 34.74780714273449,
      "std": 1.9925411352141458
    },
    "1.0": {
      "mean_saving": 35.35175201093828,
      "std": 2.4957471857967675
    },
    "2.0": {
      "mean_saving": 35.2063713695179,
      "std": 2.4741660048489362
    },
    "inf": {
      "mean_saving": 35.2063713695179,
      "std": 2.4741660048489362
    }
  },
  "alpha_2.5": {
    "0.5": {
      "mean_saving": 37.009074264410515,
      "std": 2.2235425177698036
    },
    "1.0": {
      "mean_saving": 36.866091392775544,
      "std": 2.756126002433587
    },
    "2.0": {
      "mean_saving": 36.77011755723425,
      "std": 3.0280381262417513
    },
    "inf": {
      "mean_saving": 36.80076746080015,
      "std": 3.0390701908330455
    }
  },
  "alpha_3.0": {
    "0.5": {
      "mean_saving": 36.80187051414638,
      "std": 2.377404027066101
    },
    "1.0": {
      "mean_saving": 38.11595866986985,
      "std": 3.206732980097607
    },
    "2.0": {
      "mean_saving": 36.97596743366454,
      "std": 3.6687721763703385
    },
    "inf": {
      "mean_saving": 37.33636201840942,
      "std": 3.471115488850884
    }
  }
}
