{
  "H1": {
    "status": "PASS",
    "jobs": 160,
    "archived_fields_checked": 750,
    "comparison": "absolute tolerance 1e-12",
    "max_abs_delta": 1.1368683772161603e-13,
    "route_note": "H1-v1 did not archive ALNS routes; v3 routes retained prospectively"
  },
  "H2": {
    "status": "PASS",
    "rows": 3600,
    "archived_fields_checked": 21600,
    "routes_checked": 3600,
    "comparison": "exact Python equality"
  },
  "H3": {
    "status": "PASS",
    "rows": 1260,
    "archived_fields_checked": 8820,
    "routes_checked": 1260,
    "comparison": "exact Python equality"
  },
  "P0": {
    "status": "PASS",
    "jobs": 1200,
    "archived_fields_checked": 3480,
    "comparison": "exact Python equality",
    "route_note": "P0-v2 did not archive routes; v3 routes retained prospectively"
  }
}
