540 new fixed-density jobs, 3 retained replicates each
{
 "n20_E0.5_m1": {
  "mean_endurance_penalty_points": 16.751538967344104,
  "ci95": [
   15.010991078498513,
   18.63081343587088
  ]
 },
 "n20_E1.0_m1": {
  "mean_endurance_penalty_points": 1.409771239426737,
  "ci95": [
   0.5752954184122632,
   2.5060955229479864
  ]
 },
 "n20_E0.5_m2": {
  "mean_endurance_penalty_points": 26.167592295632293,
  "ci95": [
   24.1142999550495,
   28.27289580313256
  ]
 },
 "n20_E1.0_m2": {
  "mean_endurance_penalty_points": 2.1482697933839203,
  "ci95": [
   1.071511893451029,
   3.478930637775808
  ]
 },
 "n20_E0.5_m3": {
  "mean_endurance_penalty_points": 33.15322171290238,
  "ci95": [
   31.220675070752144,
   35.231240112911294
  ]
 },
 "n20_E1.0_m3": {
  "mean_endurance_penalty_points": 3.451937275783813,
  "ci95": [
   2.0656014786416685,
   5.0161500996355946
  ]
 },
 "n50_E0.5_m1": {
  "mean_endurance_penalty_points": 12.27490084672578,
  "ci95": [
   11.187966487123074,
   13.34924002472766
  ]
 },
 "n50_E1.0_m1": {
  "mean_endurance_penalty_points": 0.9858701157951357,
  "ci95": [
   0.6330344257713372,
   1.380895944416725
  ]
 },
 "n50_E0.5_m2": {
  "mean_endurance_penalty_points": 20.21192312982923,
  "ci95": [
   18.997179006288,
   21.432360902339102
  ]
 },
 "n50_E1.0_m2": {
  "mean_endurance_penalty_points": 1.836122501242626,
  "ci95": [
   1.3591663164730339,
   2.36165772978246
  ]
 },
 "n50_E0.5_m3": {
  "mean_endurance_penalty_points": 25.803537342623137,
  "ci95": [
   24.578357993815803,
   27.004637294808838
  ]
 },
 "n50_E1.0_m3": {
  "mean_endurance_penalty_points": 3.509312203411245,
  "ci95": [
   2.9566887559594677,
   4.089663830471056
  ]
 },
 "n100_E0.5_m1": {
  "mean_endurance_penalty_points": 11.930445055143261,
  "ci95": [
   11.248779712833723,
   12.606437802396282
  ]
 },
 "n100_E1.0_m1": {
  "mean_endurance_penalty_points": 0.6107161526352205,
  "ci95": [
   0.29543142013274215,
   0.9929233924444283
  ]
 },
 "n100_E0.5_m2": {
  "mean_endurance_penalty_points": 19.217064688139367,
  "ci95": [
   18.378340430517408,
   20.018304737335406
  ]
 },
 "n100_E1.0_m2": {
  "mean_endurance_penalty_points": 1.093759212315356,
  "ci95": [
   0.7004998578300903,
   1.5653406331377
  ]
 },
 "n100_E0.5_m3": {
  "mean_endurance_penalty_points": 24.60634571443871,
  "ci95": [
   23.7171179652947,
   25.447848985423228
  ]
 },
 "n100_E1.0_m3": {
  "mean_endurance_penalty_points": 1.8702332968974502,
  "ci95": [
   1.3960931162977548,
   2.4187474853469135
  ]
 }
}
done in 12436.4s -> <author-home>/research/truck-drone-routing/src/../experiments/P0-robustness/results/density_control_v3.json
