H2 done in 613s -> /home/zyf/research/truck-drone-routing/src/../experiments/H2-design-space/results/h2.json
SURFACE n=20: {
  "alpha_1.0": {
    "0.5": {
      "mean_saving": 9.0647173554404,
      "std": 2.210788633705497,
      "ceiling": 50.0
    },
    "1.0": {
      "mean_saving": 17.32069492943167,
      "std": 3.394668394517051,
      "ceiling": 50.0
    },
    "2.0": {
      "mean_saving": 19.945650667754133,
      "std": 2.8640323832761885,
      "ceiling": 50.0
    },
    "inf": {
      "mean_saving": 19.945650667754133,
      "std": 2.8640323832761885,
      "ceiling": 50.0
    }
  },
  "alpha_1.5": {
    "0.5": {
      "mean_saving": 16.444426994564004,
      "std": 3.5292873811821788,
      "ceiling": 60.0
    },
    "1.0": {
      "mean_saving": 27.73307106482853,
      "std": 3.8685751566462385,
      "ceiling": 60.0
    },
    "2.0": {
      "mean_saving": 29.58999557370196,
      "std": 3.138009759834109,
      "ceiling": 60.0
    },
    "inf": {
      "mean_saving": 29.61713099864976,
      "std": 3.1574437568059657,
      "ceiling": 60.0
    }
  },
  "alpha_2.0": {
    "0.5": {
      "mean_saving": 18.854355617949643,
      "std": 4.137147045877581,
      "ceiling": 66.66666666666667
    },
    "1.0": {
      "mean_saving": 34.088050805740906,
      "std": 3.586237654655601,
      "ceiling": 66.66666666666667
    },
    "2.0": {
      "mean_saving": 35.83997761172007,
      "std": 3.529648898303,
      "ceiling": 66.66666666666667
    },
    "inf": {
      "mean_saving": 35.83259673214833,
      "std": 3.533072793427281,
      "ceiling": 66.66666666666667
    }
  },
  "alpha_2.5": {
    "0.5": {
      "mean_saving": 20.018214529819314,
      "std": 4.577650394447578,
      "ceiling": 71.42857142857143
    },
    "1.0": {
      "mean_saving": 37.613899962174536,
      "std": 3.6222667554783063,
      "ceiling": 71.42857142857143
    },
    "2.0": {
      "mean_saving": 39.685070126682405,
      "std": 3.6620315991032273,
      "ceiling": 71.42857142857143
    },
    "inf": {
      "mean_saving": 39.75916111698883,
      "std": 3.5727981055380007,
      "ceiling": 71.42857142857143
    }
  },
  "alpha_3.0": {
    "0.5": {
      "mean_saving": 20.793256230690766,
      "std": 4.645231386890454,
      "ceiling": 75.0
    },
    "1.0": {
      "mean_saving": 39.70953821987689,
      "std": 4.437016148284527,
      "ceiling": 75.0
    },
    "2.0": {
      "mean_saving": 42.29815588456567,
      "std": 4.2749715936752715,
      "ceiling": 75.0
    },
    "inf": {
      "mean_saving": 42.29270846518374,
      "std": 4.3227905762951435,
      "ceiling": 75.0
    }
  }
}
SURFACE n=50: {
  "alpha_1.0": {
    "0.5": {
      "mean_saving": 19.386652708201435,
      "std": 2.0629664369254743,
      "ceiling": 50.0
    },
    "1.0": {
      "mean_saving": 21.61975872782364,
      "std": 2.3530385477173077,
      "ceiling": 50.0
    },
    "2.0": {
      "mean_saving": 21.87646977240257,
      "std": 2.283253743953324,
      "ceiling": 50.0
    },
    "inf": {
      "mean_saving": 21.87646977240257,
      "std": 2.283253743953324,
      "ceiling": 50.0
    }
  },
  "alpha_1.5": {
    "0.5": {
      "mean_saving": 28.542141006081263,
      "std": 2.545575075862176,
      "ceiling": 60.0
    },
    "1.0": {
      "mean_saving": 31.194727466939455,
      "std": 2.3726788450859466,
      "ceiling": 60.0
    },
    "2.0": {
      "mean_saving": 31.052496555724034,
      "std": 2.2597766126622725,
      "ceiling": 60.0
    },
    "inf": {
      "mean_saving": 31.052496555724034,
      "std": 2.2597766126622725,
      "ceiling": 60.0
    }
  },
  "alpha_2.0": {
    "0.5": {
      "mean_saving": 32.67431668582891,
      "std": 3.106336863278139,
      "ceiling": 66.66666666666667
    },
    "1.0": {
      "mean_saving": 35.064776010573475,
      "std": 2.666314636163877,
      "ceiling": 66.66666666666667
    },
    "2.0": {
      "mean_saving": 35.61613748637216,
      "std": 2.6405190825945595,
      "ceiling": 66.66666666666667
    },
    "inf": {
      "mean_saving": 35.586463077482826,
      "std": 2.6382018999648715,
      "ceiling": 66.66666666666667
    }
  },
  "alpha_2.5": {
    "0.5": {
      "mean_saving": 34.61962311516078,
      "std": 3.566301772476227,
      "ceiling": 71.42857142857143
    },
    "1.0": {
      "mean_saving": 38.41558962326186,
      "std": 2.8459314479089928,
      "ceiling": 71.42857142857143
    },
    "2.0": {
      "mean_saving": 38.802748305658405,
      "std": 2.787773814277962,
      "ceiling": 71.42857142857143
    },
    "inf": {
      "mean_saving": 38.846559717564276,
      "std": 2.7522273033672486,
      "ceiling": 71.42857142857143
    }
  },
  "alpha_3.0": {
    "0.5": {
      "mean_saving": 36.07324171770683,
      "std": 3.243822469190637,
      "ceiling": 75.0
    },
    "1.0": {
      "mean_saving": 39.78283236993288,
      "std": 2.727083487478968,
      "ceiling": 75.0
    },
    "2.0": {
      "mean_saving": 40.69535670661005,
      "std": 2.8546588740331154,
      "ceiling": 75.0
    },
    "inf": {
      "mean_saving": 40.3079797872383,
      "std": 3.248271736864268,
      "ceiling": 75.0
    }
  }
}
DRONES axis: {
  "1.0": {
    "m_1": {
      "mean_saving": 33.94944074083418,
      "std": 3.7705854679694926,
      "ceiling": 66.66666666666667
    },
    "m_2": {
      "mean_saving": 44.90096682713291,
      "std": 3.734206440645719,
      "ceiling": 80.0
    },
    "m_3": {
      "mean_saving": 50.53682886276406,
      "std": 4.232749373742786,
      "ceiling": 85.71428571428572
    }
  },
  "inf": {
    "m_1": {
      "mean_saving": 35.665561193728,
      "std": 3.4611835156633135,
      "ceiling": 66.66666666666667
    },
    "m_2": {
      "mean_saving": 47.41767270517808,
      "std": 3.39990248535628,
      "ceiling": 80.0
    },
    "m_3": {
      "mean_saving": 54.2633459016292,
      "std": 3.052210832902102,
      "ceiling": 85.71428571428572
    }
  }
}
