H2 done in 970s -> /home/zyf/research/truck-drone-routing/src/../experiments/H2-design-space/results/h2.json
SURFACE n=20: {
  "alpha_1.0": {
    "0.5": {
      "mean_saving": 9.099450786709244,
      "std": 2.2212017983213754,
      "ceiling": 50.0
    },
    "1.0": {
      "mean_saving": 17.407022603011157,
      "std": 3.3291497789029294,
      "ceiling": 50.0
    },
    "2.0": {
      "mean_saving": 19.95325934474083,
      "std": 2.877781596749705,
      "ceiling": 50.0
    },
    "inf": {
      "mean_saving": 19.95325934474083,
      "std": 2.877781596749705,
      "ceiling": 50.0
    }
  },
  "alpha_1.5": {
    "0.5": {
      "mean_saving": 16.539812523924233,
      "std": 3.4319583763221937,
      "ceiling": 60.0
    },
    "1.0": {
      "mean_saving": 27.89701912322095,
      "std": 3.769180567148447,
      "ceiling": 60.0
    },
    "2.0": {
      "mean_saving": 29.667337239310093,
      "std": 3.155514500990342,
      "ceiling": 60.0
    },
    "inf": {
      "mean_saving": 29.667337239310086,
      "std": 3.1555145009903405,
      "ceiling": 60.0
    }
  },
  "alpha_2.0": {
    "0.5": {
      "mean_saving": 19.041902463916024,
      "std": 4.147978197249312,
      "ceiling": 66.66666666666667
    },
    "1.0": {
      "mean_saving": 34.464939513755816,
      "std": 3.467603818909583,
      "ceiling": 66.66666666666667
    },
    "2.0": {
      "mean_saving": 36.16882143286003,
      "std": 3.4562229485709053,
      "ceiling": 66.66666666666667
    },
    "inf": {
      "mean_saving": 36.15020945499383,
      "std": 3.4813269869011596,
      "ceiling": 66.66666666666667
    }
  },
  "alpha_2.5": {
    "0.5": {
      "mean_saving": 20.264410379364993,
      "std": 4.519791234996545,
      "ceiling": 71.42857142857143
    },
    "1.0": {
      "mean_saving": 38.33994196987346,
      "std": 3.5430359413165795,
      "ceiling": 71.42857142857143
    },
    "2.0": {
      "mean_saving": 40.56331790408734,
      "std": 3.2060910764638058,
      "ceiling": 71.42857142857143
    },
    "inf": {
      "mean_saving": 40.56088111136321,
      "std": 3.2053155689078623,
      "ceiling": 71.42857142857143
    }
  },
  "alpha_3.0": {
    "0.5": {
      "mean_saving": 21.020401960155322,
      "std": 4.529413812628896,
      "ceiling": 75.0
    },
    "1.0": {
      "mean_saving": 40.663325143575825,
      "std": 4.412642436358283,
      "ceiling": 75.0
    },
    "2.0": {
      "mean_saving": 43.474657565533676,
      "std": 4.012611139205009,
      "ceiling": 75.0
    },
    "inf": {
      "mean_saving": 43.4850505996211,
      "std": 4.000960086641149,
      "ceiling": 75.0
    }
  }
}
SURFACE n=50: {
  "alpha_1.0": {
    "0.5": {
      "mean_saving": 19.65788888566661,
      "std": 1.9078685934430564,
      "ceiling": 50.0
    },
    "1.0": {
      "mean_saving": 22.053380074995868,
      "std": 2.12750566982848,
      "ceiling": 50.0
    },
    "2.0": {
      "mean_saving": 22.193689357184624,
      "std": 2.297714883298844,
      "ceiling": 50.0
    },
    "inf": {
      "mean_saving": 22.193689357184624,
      "std": 2.297714883298844,
      "ceiling": 50.0
    }
  },
  "alpha_1.5": {
    "0.5": {
      "mean_saving": 29.10964566587538,
      "std": 2.474172986261294,
      "ceiling": 60.0
    },
    "1.0": {
      "mean_saving": 31.528802365382465,
      "std": 2.2623090918763804,
      "ceiling": 60.0
    },
    "2.0": {
      "mean_saving": 31.585153175090184,
      "std": 2.234366586119667,
      "ceiling": 60.0
    },
    "inf": {
      "mean_saving": 31.57610446361892,
      "std": 2.254627765737314,
      "ceiling": 60.0
    }
  },
  "alpha_2.0": {
    "0.5": {
      "mean_saving": 33.93361949792171,
      "std": 2.7425987031101657,
      "ceiling": 66.66666666666667
    },
    "1.0": {
      "mean_saving": 36.97876483241031,
      "std": 2.4703245851264106,
      "ceiling": 66.66666666666667
    },
    "2.0": {
      "mean_saving": 37.0571162815926,
      "std": 2.5463891604462083,
      "ceiling": 66.66666666666667
    },
    "inf": {
      "mean_saving": 37.093867489289316,
      "std": 2.566724903199456,
      "ceiling": 66.66666666666667
    }
  },
  "alpha_2.5": {
    "0.5": {
      "mean_saving": 36.00354204071275,
      "std": 3.001434880392563,
      "ceiling": 71.42857142857143
    },
    "1.0": {
      "mean_saving": 40.264245310714735,
      "std": 2.579961729078117,
      "ceiling": 71.42857142857143
    },
    "2.0": {
      "mean_saving": 40.29759925823827,
      "std": 2.777944178549082,
      "ceiling": 71.42857142857143
    },
    "inf": {
      "mean_saving": 40.33207405270125,
      "std": 2.6140693498254475,
      "ceiling": 71.42857142857143
    }
  },
  "alpha_3.0": {
    "0.5": {
      "mean_saving": 37.14273123964403,
      "std": 3.4277464464824954,
      "ceiling": 75.0
    },
    "1.0": {
      "mean_saving": 42.08396798111273,
      "std": 2.8680526676745353,
      "ceiling": 75.0
    },
    "2.0": {
      "mean_saving": 42.026361777450724,
      "std": 2.8113336398251954,
      "ceiling": 75.0
    },
    "inf": {
      "mean_saving": 42.30834476565877,
      "std": 3.0427167242372635,
      "ceiling": 75.0
    }
  }
}
DRONES axis: {
  "1.0": {
    "m_1": {
      "mean_saving": 34.47328866268749,
      "std": 3.472648348122606,
      "ceiling": 66.66666666666667
    },
    "m_2": {
      "mean_saving": 45.08310724523342,
      "std": 3.7840057535655047,
      "ceiling": 80.0
    },
    "m_3": {
      "mean_saving": 50.637491255628774,
      "std": 4.260122505490616,
      "ceiling": 85.71428571428572
    }
  },
  "inf": {
    "m_1": {
      "mean_saving": 36.10845681500854,
      "std": 3.4480863991721,
      "ceiling": 66.66666666666667
    },
    "m_2": {
      "mean_saving": 47.46149409772214,
      "std": 3.381999713884025,
      "ceiling": 80.0
    },
    "m_3": {
      "mean_saving": 54.38845960347133,
      "std": 3.102205657513393,
      "ceiling": 85.71428571428572
    }
  }
}
